This is MetaPost, version 2.00 (MiKTeX 2.9.7300 64-bit) (MiKTeX 2.9.7300 64-bit)  19 MAR 2020 21:00
**.\test.mp
(E:/MiKTeX/metapost/base/mpost.mp (E:/MiKTeX/metapost/base/plain.mp
Preloading the plain mem file, version 1.005) ) (././test.mp [0])
*
! Emergency stop.
<*> .\test.mp
             
End of file on the terminal!

1 output file written: test.0

